Archive member included to satisfy reference by file (symbol)

c:/program files (x86)/atollic/truestudio for stm32 9.3.0/armtools/bin/../lib/gcc/arm-atollic-eabi/6.3.1/../../../../arm-atollic-eabi/lib/armv7e-m/fpu\libc_nano.a(lib_a-errno.o)
                              Src\syscalls.o (__errno)
c:/program files (x86)/atollic/truestudio for stm32 9.3.0/armtools/bin/../lib/gcc/arm-atollic-eabi/6.3.1/../../../../arm-atollic-eabi/lib/armv7e-m/fpu\libc_nano.a(lib_a-impure.o)
                              c:/program files (x86)/atollic/truestudio for stm32 9.3.0/armtools/bin/../lib/gcc/arm-atollic-eabi/6.3.1/../../../../arm-atollic-eabi/lib/armv7e-m/fpu\libc_nano.a(lib_a-errno.o) (_impure_ptr)
c:/program files (x86)/atollic/truestudio for stm32 9.3.0/armtools/bin/../lib/gcc/arm-atollic-eabi/6.3.1/../../../../arm-atollic-eabi/lib/armv7e-m/fpu\libc_nano.a(lib_a-init.o)
                              startup\startup_stm32f334x8.o (__libc_init_array)
c:/program files (x86)/atollic/truestudio for stm32 9.3.0/armtools/bin/../lib/gcc/arm-atollic-eabi/6.3.1/../../../../arm-atollic-eabi/lib/armv7e-m/fpu\libc_nano.a(lib_a-memset.o)
                              Drivers\STM32F3xx_HAL_Driver\Src\stm32f3xx_hal_adc_ex.o (memset)
c:/program files (x86)/atollic/truestudio for stm32 9.3.0/armtools/bin/../lib/gcc/arm-atollic-eabi/6.3.1/armv7e-m/fpu\libgcc.a(_arm_addsubdf3.o)
                              Src\main.o (__aeabi_i2d)
c:/program files (x86)/atollic/truestudio for stm32 9.3.0/armtools/bin/../lib/gcc/arm-atollic-eabi/6.3.1/armv7e-m/fpu\libgcc.a(_arm_muldivdf3.o)
                              Src\main.o (__aeabi_dmul)
c:/program files (x86)/atollic/truestudio for stm32 9.3.0/armtools/bin/../lib/gcc/arm-atollic-eabi/6.3.1/armv7e-m/fpu\libgcc.a(_arm_fixdfsi.o)
                              Src\main.o (__aeabi_d2iz)

Allocating common symbols
Common symbol       size              file

N                   0x4               Src\main.o
p                   0x4               Src\main.o
tn1                 0x4               Src\main.o
hdma_usart3_rx      0x44              Src\main.o
huart3              0x84              Src\main.o
Ki                  0x4               Src\main.o
Tc2                 0x4               Src\main.o
Tc1                 0x4               Src\main.o
PID                 0x4               Src\main.o
E0                  0x4               Src\main.o
tn2                 0x4               Src\main.o
cIntg               0x4               Src\main.o
ty2                 0x4               Src\main.o
ty1                 0x4               Src\main.o
uwTick              0x4               Drivers\STM32F3xx_HAL_Driver\Src\stm32f3xx_hal.o
hdma_usart3_tx      0x44              Src\main.o
pFlash              0x20              Drivers\STM32F3xx_HAL_Driver\Src\stm32f3xx_hal_flash.o
Intg                0x4               Src\main.o
rs                  0x4               Src\main.o
T                   0x4               Src\main.o
htim3               0x4c              Src\main.o
hadc1               0x50              Src\main.o
flVal               0x4               Src\main.o
col                 0x1               Src\main.o
data                0x1               Src\main.o
htim6               0x4c              Src\main.o
y                   0x4               Src\main.o
Kd                  0x4               Src\main.o
addInd              0x1               Src\main.o
cDif                0x4               Src\main.o
E                   0x4               Src\main.o
str                 0x4               Src\main.o
valADC              0x4               Src\main.o
flenter             0x4               Src\main.o
htim7               0x4c              Src\main.o

Discarded input sections

 .text          0x00000000        0x0 c:/program files (x86)/atollic/truestudio for stm32 9.3.0/armtools/bin/../lib/gcc/arm-atollic-eabi/6.3.1/armv7e-m/fpu/crti.o
 .data          0x00000000        0x0 c:/program files (x86)/atollic/truestudio for stm32 9.3.0/armtools/bin/../lib/gcc/arm-atollic-eabi/6.3.1/armv7e-m/fpu/crti.o
 .bss           0x00000000        0x0 c:/program files (x86)/atollic/truestudio for stm32 9.3.0/armtools/bin/../lib/gcc/arm-atollic-eabi/6.3.1/armv7e-m/fpu/crti.o
 .data          0x00000000        0x4 c:/program files (x86)/atollic/truestudio for stm32 9.3.0/armtools/bin/../lib/gcc/arm-atollic-eabi/6.3.1/armv7e-m/fpu/crtbegin.o
 .text          0x00000000        0x0 Drivers\STM32F3xx_HAL_Driver\Src\stm32f3xx_hal.o
 .data          0x00000000        0x0 Drivers\STM32F3xx_HAL_Driver\Src\stm32f3xx_hal.o
 .bss           0x00000000        0x0 Drivers\STM32F3xx_HAL_Driver\Src\stm32f3xx_hal.o
 .text.HAL_DeInit
                0x00000000       0x3c Drivers\STM32F3xx_HAL_Driver\Src\stm32f3xx_hal.o
 .text.HAL_MspInit
                0x00000000        0xe Drivers\STM32F3xx_HAL_Driver\Src\stm32f3xx_hal.o
 .text.HAL_MspDeInit
                0x00000000        0xe Drivers\STM32F3xx_HAL_Driver\Src\stm32f3xx_hal.o
 .text.HAL_GetTickPrio
[...]
Memory Configuration

Name             Origin             Length             Attributes
RAM              0x20000000         0x00003000         xrw
CCMRAM           0x10000000         0x00001000         xrw
FLASH            0x08000000         0x00010000         xr
*default*        0x00000000         0xffffffff

Linker script and memory map

LOAD c:/program files (x86)/atollic/truestudio for stm32 9.3.0/armtools/bin/../lib/gcc/arm-atollic-eabi/6.3.1/armv7e-m/fpu/crti.o
LOAD c:/program files (x86)/atollic/truestudio for stm32 9.3.0/armtools/bin/../lib/gcc/arm-atollic-eabi/6.3.1/armv7e-m/fpu/crtbegin.o
LOAD Drivers\STM32F3xx_HAL_Driver\Src\stm32f3xx_hal.o
LOAD Drivers\STM32F3xx_HAL_Driver\Src\stm32f3xx_hal_adc.o
LOAD Drivers\STM32F3xx_HAL_Driver\Src\stm32f3xx_hal_adc_ex.o
LOAD Drivers\STM32F3xx_HAL_Driver\Src\stm32f3xx_hal_cortex.o
LOAD Drivers\STM32F3xx_HAL_Driver\Src\stm32f3xx_hal_dma.o
LOAD Drivers\STM32F3xx_HAL_Driver\Src\stm32f3xx_hal_exti.o
LOAD Drivers\STM32F3xx_HAL_Driver\Src\stm32f3xx_hal_flash.o
LOAD Drivers\STM32F3xx_HAL_Driver\Src\stm32f3xx_hal_flash_ex.o
LOAD Drivers\STM32F3xx_HAL_Driver\Src\stm32f3xx_hal_gpio.o
LOAD Drivers\STM32F3xx_HAL_Driver\Src\stm32f3xx_hal_i2c.o
LOAD Drivers\STM32F3xx_HAL_Driver\Src\stm32f3xx_hal_i2c_ex.o
LOAD Drivers\STM32F3xx_HAL_Driver\Src\stm32f3xx_hal_pwr.o
LOAD Drivers\STM32F3xx_HAL_Driver\Src\stm32f3xx_hal_pwr_ex.o
LOAD Drivers\STM32F3xx_HAL_Driver\Src\stm32f3xx_hal_rcc.o
LOAD Drivers\STM32F3xx_HAL_Driver\Src\stm32f3xx_hal_rcc_ex.o
LOAD Drivers\STM32F3xx_HAL_Driver\Src\stm32f3xx_hal_tim.o
LOAD Drivers\STM32F3xx_HAL_Driver\Src\stm32f3xx_hal_tim_ex.o
LOAD Drivers\STM32F3xx_HAL_Driver\Src\stm32f3xx_hal_uart.o
LOAD Drivers\STM32F3xx_HAL_Driver\Src\stm32f3xx_hal_uart_ex.o
LOAD Src\main.o
LOAD Src\stm32f3xx_hal_msp.o
LOAD Src\stm32f3xx_it.o
LOAD Src\syscalls.o
LOAD Src\system_stm32f3xx.o
LOAD startup\startup_stm32f334x8.o
                0x00000080                malloc_getpagesize_P = 0x80
START GROUP
LOAD c:/program files (x86)/atollic/truestudio for stm32 9.3.0/armtools/bin/../lib/gcc/arm-atollic-eabi/6.3.1/../../../../arm-atollic-eabi/lib/armv7e-m/fpu\libc_nano.a
LOAD c:/program files (x86)/atollic/truestudio for stm32 9.3.0/armtools/bin/../lib/gcc/arm-atollic-eabi/6.3.1/../../../../arm-atollic-eabi/lib/armv7e-m/fpu\libm.a
END GROUP
START GROUP
LOAD c:/program files (x86)/atollic/truestudio for stm32 9.3.0/armtools/bin/../lib/gcc/arm-atollic-eabi/6.3.1/armv7e-m/fpu\libgcc.a
LOAD c:/program files (x86)/atollic/truestudio for stm32 9.3.0/armtools/bin/../lib/gcc/arm-atollic-eabi/6.3.1/../../../../arm-atollic-eabi/lib/armv7e-m/fpu\libc_nano.a
END GROUP
START GROUP
LOAD c:/program files (x86)/atollic/truestudio for stm32 9.3.0/armtools/bin/../lib/gcc/arm-atollic-eabi/6.3.1/armv7e-m/fpu\libgcc.a
LOAD c:/program files (x86)/atollic/truestudio for stm32 9.3.0/armtools/bin/../lib/gcc/arm-atollic-eabi/6.3.1/../../../../arm-atollic-eabi/lib/armv7e-m/fpu\libc_nano.a
LOAD c:/program files (x86)/atollic/truestudio for stm32 9.3.0/armtools/bin/../lib/gcc/arm-atollic-eabi/6.3.1/../../../../arm-atollic-eabi/lib/armv7e-m/fpu\libnosys.a
END GROUP
START GROUP
LOAD c:/program files (x86)/atollic/truestudio for stm32 9.3.0/armtools/bin/../lib/gcc/arm-atollic-eabi/6.3.1/armv7e-m/fpu\libgcc.a
LOAD c:/program files (x86)/atollic/truestudio for stm32 9.3.0/armtools/bin/../lib/gcc/arm-atollic-eabi/6.3.1/../../../../arm-atollic-eabi/lib/armv7e-m/fpu\libc_nano.a
LOAD c:/program files (x86)/atollic/truestudio for stm32 9.3.0/armtools/bin/../lib/gcc/arm-atollic-eabi/6.3.1/../../../../arm-atollic-eabi/lib/armv7e-m/fpu\libnosys.a
END GROUP
LOAD c:/program files (x86)/atollic/truestudio for stm32 9.3.0/armtools/bin/../lib/gcc/arm-atollic-eabi/6.3.1/armv7e-m/fpu/crtend.o
LOAD c:/program files (x86)/atollic/truestudio for stm32 9.3.0/armtools/bin/../lib/gcc/arm-atollic-eabi/6.3.1/armv7e-m/fpu/crtn.o
                0x20003000                _estack = 0x20003000
                0x00000200                _Min_Heap_Size = 0x200
                0x00000400                _Min_Stack_Size = 0x400

.isr_vector     0x08000000      0x188
                0x08000000                . = ALIGN (0x4)
 *(.isr_vector)
 .isr_vector    0x08000000      0x188 startup\startup_stm32f334x8.o
                0x08000000                g_pfnVectors
                0x08000188                . = ALIGN (0x4)

.text           0x08000188     0x59f4
                0x08000188                . = ALIGN (0x4)
 *(.text)
 .text          0x08000188       0x40 c:/program files (x86)/atollic/truestudio for stm32 9.3.0/armtools/bin/../lib/gcc/arm-atollic-eabi/6.3.1/armv7e-m/fpu/crtbegin.o
 .text          0x080001c8      0x370 c:/program files (x86)/atollic/truestudio for stm32 9.3.0/armtools/bin/../lib/gcc/arm-atollic-eabi/6.3.1/armv7e-m/fpu\libgcc.a(_arm_addsubdf3.o)
                0x080001c8                __aeabi_drsub
                0x080001d0                __aeabi_dsub
                0x080001d0                __subdf3
                0x080001d4                __aeabi_dadd
                0x080001d4                __adddf3
                0x0800044c                __floatunsidf
                0x0800044c                __aeabi_ui2d
                0x0800046c                __floatsidf
                0x0800046c                __aeabi_i2d
                0x08000490                __aeabi_f2d
                0x08000490                __extendsfdf2
                0x080004cc                __floatundidf
                0x080004cc                __aeabi_ul2d
                0x080004dc                __floatdidf
                0x080004dc                __aeabi_l2d
 .text          0x08000538      0x424 c:/program files (x86)/atollic/truestudio for stm32 9.3.0/armtools/bin/../lib/gcc/arm-atollic-eabi/6.3.1/armv7e-m/fpu\libgcc.a(_arm_muldivdf3.o)
                0x08000538                __aeabi_dmul
                0x08000538                __muldf3
                0x0800078c                __divdf3
                0x0800078c                __aeabi_ddiv
 .text          0x0800095c       0x50 c:/program files (x86)/atollic/truestudio for stm32 9.3.0/armtools/bin/../lib/gcc/arm-atollic-eabi/6.3.1/armv7e-m/fpu\libgcc.a(_arm_fixdfsi.o)
                0x0800095c                __aeabi_d2iz
                0x0800095c                __fixdfsi
 *(.text*)
 .text.HAL_Init
                0x080009ac       0x2c Drivers\STM32F3xx_HAL_Driver\Src\stm32f3xx_hal.o
                0x080009ac                HAL_Init
 .text.HAL_InitTick
                0x080009d8       0x60 Drivers\STM32F3xx_HAL_Driver\Src\stm32f3xx_hal.o
                0x080009d8                HAL_InitTick
 .text.HAL_IncTick
                0x08000a38       0x28 Drivers\STM32F3xx_HAL_Driver\Src\stm32f3xx_hal.o
                0x08000a38                HAL_IncTick
 .text.HAL_GetTick
                0x08000a60       0x18 Drivers\STM32F3xx_HAL_Driver\Src\stm32f3xx_hal.o
                0x08000a60                HAL_GetTick
 .text.HAL_Delay
                0x08000a78       0x44 Drivers\STM32F3xx_HAL_Driver\Src\stm32f3xx_hal.o
                0x08000a78                HAL_Delay
 .text.HAL_ADC_Init
                0x08000abc      0x324 Drivers\STM32F3xx_HAL_Driver\Src\stm32f3xx_hal_adc_ex.o
                0x08000abc                HAL_ADC_Init
 .text.HAL_ADC_ConfigChannel
                0x08000de0      0x57c Drivers\STM32F3xx_HAL_Driver\Src\stm32f3xx_hal_adc_ex.o
                0x08000de0                HAL_ADC_ConfigChannel
 .text.HAL_ADCEx_MultiModeConfigChannel
                0x0800135c      0x18c Drivers\STM32F3xx_HAL_Driver\Src\stm32f3xx_hal_adc_ex.o
                0x0800135c                HAL_ADCEx_MultiModeConfigChannel
 .text.ADC_Disable
                0x080014e8       0xbe Drivers\STM32F3xx_HAL_Driver\Src\stm32f3xx_hal_adc_ex.o
 *fill*         0x080015a6        0x2 
 .text.__NVIC_SetPriorityGrouping
                0x080015a8       0x48 Drivers\STM32F3xx_HAL_Driver\Src\stm32f3xx_hal_cortex.o
 .text.__NVIC_GetPriorityGrouping
                0x080015f0       0x1c Drivers\STM32F3xx_HAL_Driver\Src\stm32f3xx_hal_cortex.o
 .text.__NVIC_EnableIRQ
                0x0800160c       0x3c Drivers\STM32F3xx_HAL_Driver\Src\stm32f3xx_hal_cortex.o
 .text.__NVIC_SetPriority
                0x08001648       0x54 Drivers\STM32F3xx_HAL_Driver\Src\stm32f3xx_hal_cortex.o
 .text.NVIC_EncodePriority
                0x0800169c       0x62 Drivers\STM32F3xx_HAL_Driver\Src\stm32f3xx_hal_cortex.o
 *fill*         0x080016fe        0x2 
 .text.SysTick_Config
                0x08001700       0x44 Drivers\STM32F3xx_HAL_Driver\Src\stm32f3xx_hal_cortex.o
 .text.HAL_NVIC_SetPriorityGrouping
                0x08001744       0x16 Drivers\STM32F3xx_HAL_Driver\Src\stm32f3xx_hal_cortex.o
                0x08001744                HAL_NVIC_SetPriorityGrouping
 .text.HAL_NVIC_SetPriority
                0x0800175a       0x38 Drivers\STM32F3xx_HAL_Driver\Src\stm32f3xx_hal_cortex.o
                0x0800175a                HAL_NVIC_SetPriority
 .text.HAL_NVIC_EnableIRQ
                0x08001792       0x1c Drivers\STM32F3xx_HAL_Driver\Src\stm32f3xx_hal_cortex.o
                0x08001792                HAL_NVIC_EnableIRQ
 .text.HAL_SYSTICK_Config
                0x080017ae       0x18 Drivers\STM32F3xx_HAL_Driver\Src\stm32f3xx_hal_cortex.o
                0x080017ae                HAL_SYSTICK_Config
 .text.HAL_DMA_Init
                0x080017c6       0x8e Drivers\STM32F3xx_HAL_Driver\Src\stm32f3xx_hal_dma.o
                0x080017c6                HAL_DMA_Init
 .text.HAL_DMA_IRQHandler
                0x08001854      0x146 Drivers\STM32F3xx_HAL_Driver\Src\stm32f3xx_hal_dma.o
                0x08001854                HAL_DMA_IRQHandler
 *fill*         0x0800199a        0x2 
 .text.DMA_CalcBaseAndBitshift
                0x0800199c       0x40 Drivers\STM32F3xx_HAL_Driver\Src\stm32f3xx_hal_dma.o
 .text.HAL_GPIO_Init
                0x080019dc      0x2e4 Drivers\STM32F3xx_HAL_Driver\Src\stm32f3xx_hal_gpio.o
                0x080019dc                HAL_GPIO_Init
 .text.HAL_GPIO_WritePin
                0x08001cc0       0x30 Drivers\STM32F3xx_HAL_Driver\Src\stm32f3xx_hal_gpio.o
                0x08001cc0                HAL_GPIO_WritePin
 .text.HAL_RCC_OscConfig
                0x08001cf0      0xe10 Drivers\STM32F3xx_HAL_Driver\Src\stm32f3xx_hal_rcc.o
                0x08001cf0                HAL_RCC_OscConfig
 .text.HAL_RCC_ClockConfig
                0x08002b00      0x2f8 Drivers\STM32F3xx_HAL_Driver\Src\stm32f3xx_hal_rcc.o
                0x08002b00                HAL_RCC_ClockConfig
 .text.HAL_RCC_GetSysClockFreq
                0x08002df8       0xd4 Drivers\STM32F3xx_HAL_Driver\Src\stm32f3xx_hal_rcc.o
                0x08002df8                HAL_RCC_GetSysClockFreq
 .text.HAL_RCC_GetHCLKFreq
                0x08002ecc       0x18 Drivers\STM32F3xx_HAL_Driver\Src\stm32f3xx_hal_rcc.o
                0x08002ecc                HAL_RCC_GetHCLKFreq
 .text.HAL_RCC_GetPCLK1Freq
                0x08002ee4       0x44 Drivers\STM32F3xx_HAL_Driver\Src\stm32f3xx_hal_rcc.o
                0x08002ee4                HAL_RCC_GetPCLK1Freq
 .text.HAL_RCC_GetPCLK2Freq
                0x08002f28       0x44 Drivers\STM32F3xx_HAL_Driver\Src\stm32f3xx_hal_rcc.o
                0x08002f28                HAL_RCC_GetPCLK2Freq
 .text.HAL_RCCEx_PeriphCLKConfig
                0x08002f6c      0x26c Drivers\STM32F3xx_HAL_Driver\Src\stm32f3xx_hal_rcc_ex.o
                0x08002f6c                HAL_RCCEx_PeriphCLKConfig
 .text.HAL_TIM_Base_Init
                0x080031d8       0xae Drivers\STM32F3xx_HAL_Driver\Src\stm32f3xx_hal_tim.o
                0x080031d8                HAL_TIM_Base_Init
 .text.HAL_TIM_PWM_Init
                0x08003286       0xae Drivers\STM32F3xx_HAL_Driver\Src\stm32f3xx_hal_tim.o
                0x08003286                HAL_TIM_PWM_Init
 .text.HAL_TIM_PWM_ConfigChannel
                0x08003334      0x220 Drivers\STM32F3xx_HAL_Driver\Src\stm32f3xx_hal_tim.o
                0x08003334                HAL_TIM_PWM_ConfigChannel
 .text.TIM_Base_SetConfig
                0x08003554       0xf0 Drivers\STM32F3xx_HAL_Driver\Src\stm32f3xx_hal_tim.o
                0x08003554                TIM_Base_SetConfig
 .text.TIM_OC1_SetConfig
                0x08003644      0x10c Drivers\STM32F3xx_HAL_Driver\Src\stm32f3xx_hal_tim.o
 .text.TIM_OC2_SetConfig
                0x08003750      0x100 Drivers\STM32F3xx_HAL_Driver\Src\stm32f3xx_hal_tim.o
                0x08003750                TIM_OC2_SetConfig
 .text.TIM_OC3_SetConfig
                0x08003850       0xfc Drivers\STM32F3xx_HAL_Driver\Src\stm32f3xx_hal_tim.o
 .text.TIM_OC4_SetConfig
                0x0800394c       0xc8 Drivers\STM32F3xx_HAL_Driver\Src\stm32f3xx_hal_tim.o
 .text.TIM_OC5_SetConfig
                0x08003a14       0xbc Drivers\STM32F3xx_HAL_Driver\Src\stm32f3xx_hal_tim.o
 .text.TIM_OC6_SetConfig
                0x08003ad0       0xc0 Drivers\STM32F3xx_HAL_Driver\Src\stm32f3xx_hal_tim.o
 .text.HAL_TIMEx_MasterConfigSynchronization
                0x08003b90       0xdc Drivers\STM32F3xx_HAL_Driver\Src\stm32f3xx_hal_tim_ex.o
                0x08003b90                HAL_TIMEx_MasterConfigSynchronization
 .text.UART_SetConfig
                0x08003c6c      0x270 Drivers\STM32F3xx_HAL_Driver\Src\stm32f3xx_hal_uart.o
                0x08003c6c                UART_SetConfig
 .text.UART_AdvFeatureConfig
                0x08003edc      0x144 Drivers\STM32F3xx_HAL_Driver\Src\stm32f3xx_hal_uart.o
                0x08003edc                UART_AdvFeatureConfig
 .text.UART_CheckIdleState
                0x08004020       0x92 Drivers\STM32F3xx_HAL_Driver\Src\stm32f3xx_hal_uart.o
                0x08004020                UART_CheckIdleState
 .text.UART_WaitOnFlagUntilTimeout
                0x080040b2       0xf8 Drivers\STM32F3xx_HAL_Driver\Src\stm32f3xx_hal_uart.o
                0x080040b2                UART_WaitOnFlagUntilTimeout
 .text.HAL_RS485Ex_Init
                0x080041aa       0xce Drivers\STM32F3xx_HAL_Driver\Src\stm32f3xx_hal_uart_ex.o
                0x080041aa                HAL_RS485Ex_Init
 .text.__NVIC_EnableIRQ
                0x08004278       0x3c Src\main.o
 .text.Takt     0x080042b4       0x44 Src\main.o
                0x080042b4                Takt
 .text.Write_DC
                0x080042f8       0x40 Src\main.o
                0x080042f8                Write_DC
 .text.Cursor   0x08004338       0x70 Src\main.o
                0x08004338                Cursor
 .text.InitializeLCD
                0x080043a8       0x74 Src\main.o
                0x080043a8                InitializeLCD
 .text.Dsp1     0x0800441c       0xa0 Src\main.o
                0x0800441c                Dsp1
 .text.Dsp2     0x080044bc       0x80 Src\main.o
                0x080044bc                Dsp2
 .text.ChVal    0x0800453c      0x1c4 Src\main.o
                0x0800453c                ChVal
 .text.ValLCD   0x08004700       0xac Src\main.o
                0x08004700                ValLCD
 *fill*         0x080047ac        0x4 
 .text.AcdReadLcd
                0x080047b0      0x13c Src\main.o
                0x080047b0                AcdReadLcd
 .text.TimeLCD  0x080048ec       0xe0 Src\main.o
                0x080048ec                TimeLCD
 .text.Disptnok
                0x080049cc       0x48 Src\main.o
                0x080049cc                Disptnok
 .text.DispNagr
                0x08004a14       0x40 Src\main.o
                0x08004a14                DispNagr
 .text.TIM6_Callback
                0x08004a54       0x54 Src\main.o
                0x08004a54                TIM6_Callback
 .text.Ten      0x08004aa8      0x12c Src\main.o
                0x08004aa8                Ten
 .text.main     0x08004bd4      0x634 Src\main.o
                0x08004bd4                main
 .text.SystemClock_Config
                0x08005208       0xb4 Src\main.o
                0x08005208                SystemClock_Config
 .text.MX_ADC1_Init
                0x080052bc       0xe0 Src\main.o
 .text.MX_TIM3_Init
                0x0800539c       0xb4 Src\main.o
 .text.MX_TIM6_Init
                0x08005450       0x6c Src\main.o
 .text.MX_TIM7_Init
                0x080054bc       0x70 Src\main.o
 .text.MX_USART3_UART_Init
                0x0800552c       0x64 Src\main.o
 .text.MX_DMA_Init
                0x08005590       0x4c Src\main.o
 .text.MX_GPIO_Init
                0x080055dc       0xd8 Src\main.o
 .text.Error_Handler
                0x080056b4        0xe Src\main.o
                0x080056b4                Error_Handler
 *fill*         0x080056c2        0x2 
 .text.HAL_MspInit
                0x080056c4       0x48 Src\stm32f3xx_hal_msp.o
                0x080056c4                HAL_MspInit
 .text.HAL_ADC_MspInit
                0x0800570c       0x78 Src\stm32f3xx_hal_msp.o
                0x0800570c                HAL_ADC_MspInit
 .text.HAL_TIM_PWM_MspInit
                0x08005784       0x40 Src\stm32f3xx_hal_msp.o
                0x08005784                HAL_TIM_PWM_MspInit
 .text.HAL_TIM_Base_MspInit
                0x080057c4       0x84 Src\stm32f3xx_hal_msp.o
                0x080057c4                HAL_TIM_Base_MspInit
 .text.HAL_TIM_MspPostInit
                0x08005848       0x6c Src\stm32f3xx_hal_msp.o
                0x08005848                HAL_TIM_MspPostInit
 .text.HAL_UART_MspInit
                0x080058b4      0x130 Src\stm32f3xx_hal_msp.o
                0x080058b4                HAL_UART_MspInit
 .text.NMI_Handler
                0x080059e4        0xe Src\stm32f3xx_it.o
                0x080059e4                NMI_Handler
 .text.HardFault_Handler
                0x080059f2        0x6 Src\stm32f3xx_it.o
                0x080059f2                HardFault_Handler
 .text.MemManage_Handler
                0x080059f8        0x6 Src\stm32f3xx_it.o
                0x080059f8                MemManage_Handler
 .text.BusFault_Handler
                0x080059fe        0x6 Src\stm32f3xx_it.o
                0x080059fe                BusFault_Handler
 .text.UsageFault_Handler
                0x08005a04        0x6 Src\stm32f3xx_it.o
                0x08005a04                UsageFault_Handler
 .text.SVC_Handler
                0x08005a0a        0xe Src\stm32f3xx_it.o
                0x08005a0a                SVC_Handler
 .text.DebugMon_Handler
                0x08005a18        0xe Src\stm32f3xx_it.o
                0x08005a18                DebugMon_Handler
 .text.PendSV_Handler
                0x08005a26        0xe Src\stm32f3xx_it.o
                0x08005a26                PendSV_Handler
 .text.SysTick_Handler
                0x08005a34        0xc Src\stm32f3xx_it.o
                0x08005a34                SysTick_Handler
 .text.DMA1_Channel2_IRQHandler
                0x08005a40       0x14 Src\stm32f3xx_it.o
                0x08005a40                DMA1_Channel2_IRQHandler
 .text.DMA1_Channel3_IRQHandler
                0x08005a54       0x14 Src\stm32f3xx_it.o
                0x08005a54                DMA1_Channel3_IRQHandler
 .text.TIM6_DAC1_IRQHandler
                0x08005a68       0x1c Src\stm32f3xx_it.o
                0x08005a68                TIM6_DAC1_IRQHandler
 .text.TIM7_DAC2_IRQHandler
                0x08005a84        0xe Src\stm32f3xx_it.o
                0x08005a84                TIM7_DAC2_IRQHandler
 *fill*         0x08005a92        0x2 
 .text.SystemInit
                0x08005a94       0x24 Src\system_stm32f3xx.o
                0x08005a94                SystemInit
 .text.Reset_Handler
                0x08005ab8       0x50 startup\startup_stm32f334x8.o
                0x08005ab8                Reset_Handler
 .text.Default_Handler
                0x08005b08        0x2 startup\startup_stm32f334x8.o
                0x08005b08                RTC_Alarm_IRQHandler
                0x08005b08                HRTIM1_Master_IRQHandler
                0x08005b08                TIM1_CC_IRQHandler
                0x08005b08                HRTIM1_FLT_IRQHandler
                0x08005b08                PVD_IRQHandler
                0x08005b08                HRTIM1_TIMD_IRQHandler
                0x08005b08                TAMP_STAMP_IRQHandler
                0x08005b08                EXTI3_IRQHandler
                0x08005b08                EXTI0_IRQHandler
                0x08005b08                FPU_IRQHandler
                0x08005b08                CAN_TX_IRQHandler
                0x08005b08                TIM1_UP_TIM16_IRQHandler
                0x08005b08                ADC1_2_IRQHandler
                0x08005b08                HRTIM1_TIME_IRQHandler
                0x08005b08                SPI1_IRQHandler
                0x08005b08                CAN_SCE_IRQHandler
                0x08005b08                HRTIM1_TIMC_IRQHandler
                0x08005b08                DMA1_Channel4_IRQHandler
                0x08005b08                USART3_IRQHandler
                0x08005b08                DMA1_Channel7_IRQHandler
                0x08005b08                CAN_RX1_IRQHandler
                0x08005b08                I2C1_EV_IRQHandler
                0x08005b08                DMA1_Channel6_IRQHandler
                0x08005b08                TIM3_IRQHandler
                0x08005b08                RCC_IRQHandler
                0x08005b08                DMA1_Channel1_IRQHandler
                0x08005b08                Default_Handler
                0x08005b08                EXTI15_10_IRQHandler
                0x08005b08                COMP2_IRQHandler
                0x08005b08                HRTIM1_TIMA_IRQHandler
                0x08005b08                EXTI9_5_IRQHandler
                0x08005b08                RTC_WKUP_IRQHandler
                0x08005b08                DMA1_Channel5_IRQHandler
                0x08005b08                EXTI4_IRQHandler
                0x08005b08                HRTIM1_TIMB_IRQHandler
                0x08005b08                TIM1_TRG_COM_TIM17_IRQHandler
                0x08005b08                WWDG_IRQHandler
                0x08005b08                TIM2_IRQHandler
                0x08005b08                EXTI1_IRQHandler
                0x08005b08                COMP4_6_IRQHandler
                0x08005b08                USART2_IRQHandler
                0x08005b08                FLASH_IRQHandler
                0x08005b08                USART1_IRQHandler
                0x08005b08                CAN_RX0_IRQHandler
                0x08005b08                I2C1_ER_IRQHandler
                0x08005b08                EXTI2_TSC_IRQHandler
                0x08005b08                TIM1_BRK_TIM15_IRQHandler
 *fill*         0x08005b0a        0x2 
 .text.__libc_init_array
                0x08005b0c       0x48 c:/program files (x86)/atollic/truestudio for stm32 9.3.0/armtools/bin/../lib/gcc/arm-atollic-eabi/6.3.1/../../../../arm-atollic-eabi/lib/armv7e-m/fpu\libc_nano.a(lib_a-init.o)
                0x08005b0c                __libc_init_array
 .text.memset   0x08005b54       0x10 c:/program files (x86)/atollic/truestudio for stm32 9.3.0/armtools/bin/../lib/gcc/arm-atollic-eabi/6.3.1/../../../../arm-atollic-eabi/lib/armv7e-m/fpu\libc_nano.a(lib_a-memset.o)
                0x08005b54                memset
 *(.glue_7)
 .glue_7        0x08005b64        0x0 linker stubs
 *(.glue_7t)
 .glue_7t       0x08005b64        0x0 linker stubs
 *(.eh_frame)
 .eh_frame      0x08005b64        0x0 c:/program files (x86)/atollic/truestudio for stm32 9.3.0/armtools/bin/../lib/gcc/arm-atollic-eabi/6.3.1/armv7e-m/fpu/crtbegin.o
 *(.init)
 .init          0x08005b64        0x4 c:/program files (x86)/atollic/truestudio for stm32 9.3.0/armtools/bin/../lib/gcc/arm-atollic-eabi/6.3.1/armv7e-m/fpu/crti.o
                0x08005b64                _init
 .init          0x08005b68        0x8 c:/program files (x86)/atollic/truestudio for stm32 9.3.0/armtools/bin/../lib/gcc/arm-atollic-eabi/6.3.1/armv7e-m/fpu/crtn.o
 *(.fini)
 .fini          0x08005b70        0x4 c:/program files (x86)/atollic/truestudio for stm32 9.3.0/armtools/bin/../lib/gcc/arm-atollic-eabi/6.3.1/armv7e-m/fpu/crti.o
                0x08005b70                _fini
 .fini          0x08005b74        0x8 c:/program files (x86)/atollic/truestudio for stm32 9.3.0/armtools/bin/../lib/gcc/arm-atollic-eabi/6.3.1/armv7e-m/fpu/crtn.o
                0x08005b7c                . = ALIGN (0x4)
                0x08005b7c                _etext = .

.vfp11_veneer   0x08005b7c        0x0
 .vfp11_veneer  0x08005b7c        0x0 linker stubs

.v4_bx          0x08005b7c        0x0
 .v4_bx         0x08005b7c        0x0 linker stubs

.iplt           0x08005b7c        0x0
 .iplt          0x08005b7c        0x0 c:/program files (x86)/atollic/truestudio for stm32 9.3.0/armtools/bin/../lib/gcc/arm-atollic-eabi/6.3.1/armv7e-m/fpu/crtbegin.o

.rodata         0x08005b7c       0x38
                0x08005b7c                . = ALIGN (0x4)
 *(.rodata)
 *(.rodata*)
 .rodata.aPLLMULFactorTable
                0x08005b7c       0x10 Drivers\STM32F3xx_HAL_Driver\Src\stm32f3xx_hal_rcc.o
                0x08005b7c                aPLLMULFactorTable
 .rodata.aPredivFactorTable
                0x08005b8c       0x10 Drivers\STM32F3xx_HAL_Driver\Src\stm32f3xx_hal_rcc.o
                0x08005b8c                aPredivFactorTable
 .rodata.AHBPrescTable
                0x08005b9c       0x10 Src\system_stm32f3xx.o
                0x08005b9c                AHBPrescTable
 .rodata.APBPrescTable
                0x08005bac        0x8 Src\system_stm32f3xx.o
                0x08005bac                APBPrescTable
                0x08005bb4                . = ALIGN (0x4)

.rel.dyn        0x08005bb4        0x0
 .rel.iplt      0x08005bb4        0x0 c:/program files (x86)/atollic/truestudio for stm32 9.3.0/armtools/bin/../lib/gcc/arm-atollic-eabi/6.3.1/armv7e-m/fpu/crtbegin.o

.ARM.extab
 *(.ARM.extab* .gnu.linkonce.armextab.*)

.ARM            0x08005bb4        0x0
                0x08005bb4                __exidx_start = .
 *(.ARM.exidx*)
                0x08005bb4                __exidx_end = .

.preinit_array  0x08005bb4        0x0
                0x08005bb4                PROVIDE (__preinit_array_start, .)
 *(.preinit_array*)
                0x08005bb4                PROVIDE (__preinit_array_end, .)

.init_array     0x08005bb4        0x4
                0x08005bb4                PROVIDE (__init_array_start, .)
 *(SORT(.init_array.*))
 *(.init_array*)
 .init_array    0x08005bb4        0x4 c:/program files (x86)/atollic/truestudio for stm32 9.3.0/armtools/bin/../lib/gcc/arm-atollic-eabi/6.3.1/armv7e-m/fpu/crtbegin.o
                0x08005bb8                PROVIDE (__init_array_end, .)

.fini_array     0x08005bb8        0x4
                [!provide]                PROVIDE (__fini_array_start, .)
 *(SORT(.fini_array.*))
 *(.fini_array*)
 .fini_array    0x08005bb8        0x4 c:/program files (x86)/atollic/truestudio for stm32 9.3.0/armtools/bin/../lib/gcc/arm-atollic-eabi/6.3.1/armv7e-m/fpu/crtbegin.o
                [!provide]                PROVIDE (__fini_array_end, .)
                0x08005bbc                _sidata = LOADADDR (.data)

.data           0x20000000        0xc load address 0x08005bbc
                0x20000000                . = ALIGN (0x4)
                0x20000000                _sdata = .
 *(.data)
 *(.data*)
 .data.uwTickPrio
                0x20000000        0x4 Drivers\STM32F3xx_HAL_Driver\Src\stm32f3xx_hal.o
                0x20000000                uwTickPrio
 .data.uwTickFreq
                0x20000004        0x1 Drivers\STM32F3xx_HAL_Driver\Src\stm32f3xx_hal.o
                0x20000004                uwTickFreq
 *fill*         0x20000005        0x3 
 .data.SystemCoreClock
                0x20000008        0x4 Src\system_stm32f3xx.o
                0x20000008                SystemCoreClock
                0x2000000c                . = ALIGN (0x4)
                0x2000000c                _edata = .
                0x08005bc8                _siccmram = LOADADDR (.ccmram)

.igot.plt       0x2000000c        0x0 load address 0x08005bc8
 .igot.plt      0x2000000c        0x0 c:/program files (x86)/atollic/truestudio for stm32 9.3.0/armtools/bin/../lib/gcc/arm-atollic-eabi/6.3.1/armv7e-m/fpu/crtbegin.o

.ccmram         0x10000000        0x0 load address 0x08005bc8
                0x10000000                . = ALIGN (0x4)
                0x10000000                _sccmram = .
 *(.ccmram)
 *(.ccmram*)
                0x10000000                . = ALIGN (0x4)
                0x10000000                _eccmram = .
                0x10000000                . = ALIGN (0x4)

.bss            0x2000000c      0x2e8
                0x2000000c                _sbss = .
                0x2000000c                __bss_start__ = _sbss
 *(.bss)
 .bss           0x2000000c       0x1c c:/program files (x86)/atollic/truestudio for stm32 9.3.0/armtools/bin/../lib/gcc/arm-atollic-eabi/6.3.1/armv7e-m/fpu/crtbegin.o
 *(.bss*)
 .bss.tn        0x20000028        0x4 Src\main.o
                0x20000028                tn
 .bss.Ti        0x2000002c        0x4 Src\main.o
                0x2000002c                Ti
 .bss.ti        0x20000030        0x4 Src\main.o
                0x20000030                ti
 .bss.Td        0x20000034        0x4 Src\main.o
                0x20000034                Td
 .bss.tim6_flag
                0x20000038        0x1 Src\main.o
                0x20000038                tim6_flag
 *fill*         0x20000039        0x3 
 .bss.a6        0x2000003c        0x4 Src\main.o
                0x2000003c                a6
 .bss.t6        0x20000040        0x4 Src\main.o
                0x20000040                t6
 .bss.tt2       0x20000044        0x4 Src\main.o
                0x20000044                tt2
 .bss.tt1       0x20000048        0x4 Src\main.o
                0x20000048                tt1
 *(COMMON)
 COMMON         0x2000004c        0x4 Drivers\STM32F3xx_HAL_Driver\Src\stm32f3xx_hal.o
                0x2000004c                uwTick
 COMMON         0x20000050      0x2a4 Src\main.o
                0x20000050                N
                0x20000054                p
                0x20000058                tn1
                0x2000005c                hdma_usart3_rx
                0x200000a0                huart3
                0x20000124                Ki
                0x20000128                Tc2
                0x2000012c                Tc1
                0x20000130                PID
                0x20000134                E0
                0x20000138                tn2
                0x2000013c                cIntg
                0x20000140                ty2
                0x20000144                ty1
                0x20000148                hdma_usart3_tx
                0x2000018c                Intg
                0x20000190                rs
                0x20000194                T
                0x20000198                htim3
                0x200001e4                hadc1
                0x20000234                flVal
                0x20000238                col
                0x20000239                data
                0x2000023c                htim6
                0x20000288                y
                0x2000028c                Kd
                0x20000290                addInd
                0x20000294                cDif
                0x20000298                E
                0x2000029c                str
                0x200002a0                valADC
                0x200002a4                flenter
                0x200002a8                htim7
                0x200002f4                . = ALIGN (0x4)
                0x200002f4                _ebss = .
                0x200002f4                __bss_end__ = _ebss

._user_heap_stack
                0x200002f4      0x600
                0x200002f4                . = ALIGN (0x4)
                0x200002f4                PROVIDE (end, .)
                [!provide]                PROVIDE (_end, .)
                0x200004f4                . = (. + _Min_Heap_Size)
 *fill*         0x200002f4      0x200 
                0x200008f4                . = (. + _Min_Stack_Size)
 *fill*         0x200004f4      0x400 
                0x200008f4                . = ALIGN (0x4)

/DISCARD/
 libc.a(*)
 libm.a(*)
 libgcc.a(*)

.ARM.attributes
                0x00000000       0x30
 *(.ARM.attributes)
 .ARM.attributes
                0x00000000       0x22 c:/program files (x86)/atollic/truestudio for stm32 9.3.0/armtools/bin/../lib/gcc/arm-atollic-eabi/6.3.1/armv7e-m/fpu/crti.o
 .ARM.attributes
                0x00000022       0x34 c:/program files (x86)/atollic/truestudio for stm32 9.3.0/armtools/bin/../lib/gcc/arm-atollic-eabi/6.3.1/armv7e-m/fpu/crtbegin.o
 .ARM.attributes
                0x00000056       0x39 Drivers\STM32F3xx_HAL_Driver\Src\stm32f3xx_hal.o
 .ARM.attributes
                0x0000008f       0x39 Drivers\STM32F3xx_HAL_Driver\Src\stm32f3xx_hal_adc_ex.o
 .ARM.attributes
                0x000000c8       0x39 Drivers\STM32F3xx_HAL_Driver\Src\stm32f3xx_hal_cortex.o
 .ARM.attributes
                0x00000101       0x39 Drivers\STM32F3xx_HAL_Driver\Src\stm32f3xx_hal_dma.o
 .ARM.attributes
                0x0000013a       0x39 Drivers\STM32F3xx_HAL_Driver\Src\stm32f3xx_hal_gpio.o
 .ARM.attributes
                0x00000173       0x39 Drivers\STM32F3xx_HAL_Driver\Src\stm32f3xx_hal_rcc.o
 .ARM.attributes
                0x000001ac       0x39 Drivers\STM32F3xx_HAL_Driver\Src\stm32f3xx_hal_rcc_ex.o
 .ARM.attributes
                0x000001e5       0x39 Drivers\STM32F3xx_HAL_Driver\Src\stm32f3xx_hal_tim.o
 .ARM.attributes
                0x0000021e       0x39 Drivers\STM32F3xx_HAL_Driver\Src\stm32f3xx_hal_tim_ex.o
 .ARM.attributes
                0x00000257       0x39 Drivers\STM32F3xx_HAL_Driver\Src\stm32f3xx_hal_uart.o
 .ARM.attributes
                0x00000290       0x39 Drivers\STM32F3xx_HAL_Driver\Src\stm32f3xx_hal_uart_ex.o
 .ARM.attributes
                0x000002c9       0x39 Src\main.o
 .ARM.attributes
                0x00000302       0x39 Src\stm32f3xx_hal_msp.o
 .ARM.attributes
                0x0000033b       0x39 Src\stm32f3xx_it.o
 .ARM.attributes
                0x00000374       0x39 Src\system_stm32f3xx.o
 .ARM.attributes
                0x000003ad       0x21 startup\startup_stm32f334x8.o
 .ARM.attributes
                0x000003ce       0x34 c:/program files (x86)/atollic/truestudio for stm32 9.3.0/armtools/bin/../lib/gcc/arm-atollic-eabi/6.3.1/../../../../arm-atollic-eabi/lib/armv7e-m/fpu\libc_nano.a(lib_a-init.o)
 .ARM.attributes
                0x00000402       0x34 c:/program files (x86)/atollic/truestudio for stm32 9.3.0/armtools/bin/../lib/gcc/arm-atollic-eabi/6.3.1/../../../../arm-atollic-eabi/lib/armv7e-m/fpu\libc_nano.a(lib_a-memset.o)
 .ARM.attributes
                0x00000436       0x22 c:/program files (x86)/atollic/truestudio for stm32 9.3.0/armtools/bin/../lib/gcc/arm-atollic-eabi/6.3.1/armv7e-m/fpu\libgcc.a(_arm_addsubdf3.o)
 .ARM.attributes
                0x00000458       0x22 c:/program files (x86)/atollic/truestudio for stm32 9.3.0/armtools/bin/../lib/gcc/arm-atollic-eabi/6.3.1/armv7e-m/fpu\libgcc.a(_arm_muldivdf3.o)
 .ARM.attributes
                0x0000047a       0x22 c:/program files (x86)/atollic/truestudio for stm32 9.3.0/armtools/bin/../lib/gcc/arm-atollic-eabi/6.3.1/armv7e-m/fpu\libgcc.a(_arm_fixdfsi.o)
 .ARM.attributes
                0x0000049c       0x22 c:/program files (x86)/atollic/truestudio for stm32 9.3.0/armtools/bin/../lib/gcc/arm-atollic-eabi/6.3.1/armv7e-m/fpu/crtn.o
OUTPUT(termo2502.elf elf32-littlearm)

.debug_info     0x00000000     0xefce
 .debug_info    0x00000000      0x782 Drivers\STM32F3xx_HAL_Driver\Src\stm32f3xx_hal.o
 .debug_info    0x00000782     0x156e Drivers\STM32F3xx_HAL_Driver\Src\stm32f3xx_hal_adc_ex.o
 .debug_info    0x00001cf0      0xb7f Drivers\STM32F3xx_HAL_Driver\Src\stm32f3xx_hal_cortex.o
 .debug_info    0x0000286f      0x7c7 Drivers\STM32F3xx_HAL_Driver\Src\stm32f3xx_hal_dma.o
 .debug_info    0x00003036      0x7c1 Drivers\STM32F3xx_HAL_Driver\Src\stm32f3xx_hal_gpio.o
 .debug_info    0x000037f7     0x180e Drivers\STM32F3xx_HAL_Driver\Src\stm32f3xx_hal_rcc.o
 .debug_info    0x00005005      0x614 Drivers\STM32F3xx_HAL_Driver\Src\stm32f3xx_hal_rcc_ex.o
 .debug_info    0x00005619     0x28fa Drivers\STM32F3xx_HAL_Driver\Src\stm32f3xx_hal_tim.o
 .debug_info    0x00007f13     0x1446 Drivers\STM32F3xx_HAL_Driver\Src\stm32f3xx_hal_tim_ex.o
 .debug_info    0x00009359     0x169f Drivers\STM32F3xx_HAL_Driver\Src\stm32f3xx_hal_uart.o
 .debug_info    0x0000a9f8      0xa0f Drivers\STM32F3xx_HAL_Driver\Src\stm32f3xx_hal_uart_ex.o
 .debug_info    0x0000b407     0x1be3 Src\main.o
 .debug_info    0x0000cfea     0x134f Src\stm32f3xx_hal_msp.o
 .debug_info    0x0000e339      0x7de Src\stm32f3xx_it.o
 .debug_info    0x0000eb17      0x45e Src\system_stm32f3xx.o
 .debug_info    0x0000ef75       0x59 startup\startup_stm32f334x8.o

.debug_abbrev   0x00000000     0x1ecb
 .debug_abbrev  0x00000000      0x1c2 Drivers\STM32F3xx_HAL_Driver\Src\stm32f3xx_hal.o
 .debug_abbrev  0x000001c2      0x220 Drivers\STM32F3xx_HAL_Driver\Src\stm32f3xx_hal_adc_ex.o
 .debug_abbrev  0x000003e2      0x2d0 Drivers\STM32F3xx_HAL_Driver\Src\stm32f3xx_hal_cortex.o
 .debug_abbrev  0x000006b2      0x1f9 Drivers\STM32F3xx_HAL_Driver\Src\stm32f3xx_hal_dma.o
 .debug_abbrev  0x000008ab      0x1bb Drivers\STM32F3xx_HAL_Driver\Src\stm32f3xx_hal_gpio.o
 .debug_abbrev  0x00000a66      0x287 Drivers\STM32F3xx_HAL_Driver\Src\stm32f3xx_hal_rcc.o
 .debug_abbrev  0x00000ced      0x203 Drivers\STM32F3xx_HAL_Driver\Src\stm32f3xx_hal_rcc_ex.o
 .debug_abbrev  0x00000ef0      0x229 Drivers\STM32F3xx_HAL_Driver\Src\stm32f3xx_hal_tim.o
 .debug_abbrev  0x00001119      0x22f Drivers\STM32F3xx_HAL_Driver\Src\stm32f3xx_hal_tim_ex.o
 .debug_abbrev  0x00001348      0x210 Drivers\STM32F3xx_HAL_Driver\Src\stm32f3xx_hal_uart.o
 .debug_abbrev  0x00001558      0x1dd Drivers\STM32F3xx_HAL_Driver\Src\stm32f3xx_hal_uart_ex.o
 .debug_abbrev  0x00001735      0x31a Src\main.o
 .debug_abbrev  0x00001a4f      0x1f1 Src\stm32f3xx_hal_msp.o
 .debug_abbrev  0x00001c40      0x153 Src\stm32f3xx_it.o
 .debug_abbrev  0x00001d93      0x126 Src\system_stm32f3xx.o
 .debug_abbrev  0x00001eb9       0x12 startup\startup_stm32f334x8.o

.debug_aranges  0x00000000      0xee8
 .debug_aranges
                0x00000000       0xe0 Drivers\STM32F3xx_HAL_Driver\Src\stm32f3xx_hal.o
 .debug_aranges
                0x000000e0      0x168 Drivers\STM32F3xx_HAL_Driver\Src\stm32f3xx_hal_adc_ex.o
 .debug_aranges
                0x00000248      0x100 Drivers\STM32F3xx_HAL_Driver\Src\stm32f3xx_hal_cortex.o
 .debug_aranges
                0x00000348       0x88 Drivers\STM32F3xx_HAL_Driver\Src\stm32f3xx_hal_dma.o
 .debug_aranges
                0x000003d0       0x58 Drivers\STM32F3xx_HAL_Driver\Src\stm32f3xx_hal_gpio.o
 .debug_aranges
                0x00000428       0x88 Drivers\STM32F3xx_HAL_Driver\Src\stm32f3xx_hal_rcc.o
 .debug_aranges
                0x000004b0       0x38 Drivers\STM32F3xx_HAL_Driver\Src\stm32f3xx_hal_rcc_ex.o
 .debug_aranges
                0x000004e8      0x3e0 Drivers\STM32F3xx_HAL_Driver\Src\stm32f3xx_hal_tim.o
 .debug_aranges
                0x000008c8      0x178 Drivers\STM32F3xx_HAL_Driver\Src\stm32f3xx_hal_tim_ex.o
 .debug_aranges
                0x00000a40      0x228 Drivers\STM32F3xx_HAL_Driver\Src\stm32f3xx_hal_uart.o
 .debug_aranges
                0x00000c68       0x68 Drivers\STM32F3xx_HAL_Driver\Src\stm32f3xx_hal_uart_ex.o
 .debug_aranges
                0x00000cd0       0xe0 Src\main.o
 .debug_aranges
                0x00000db0       0x68 Src\stm32f3xx_hal_msp.o
 .debug_aranges
                0x00000e18       0x80 Src\stm32f3xx_it.o
 .debug_aranges
                0x00000e98       0x28 Src\system_stm32f3xx.o
 .debug_aranges
                0x00000ec0       0x28 startup\startup_stm32f334x8.o

.debug_ranges   0x00000000      0xe20
 .debug_ranges  0x00000000       0xd0 Drivers\STM32F3xx_HAL_Driver\Src\stm32f3xx_hal.o
 .debug_ranges  0x000000d0      0x158 Drivers\STM32F3xx_HAL_Driver\Src\stm32f3xx_hal_adc_ex.o
 .debug_ranges  0x00000228       0xf0 Drivers\STM32F3xx_HAL_Driver\Src\stm32f3xx_hal_cortex.o
 .debug_ranges  0x00000318       0x78 Drivers\STM32F3xx_HAL_Driver\Src\stm32f3xx_hal_dma.o
 .debug_ranges  0x00000390       0x48 Drivers\STM32F3xx_HAL_Driver\Src\stm32f3xx_hal_gpio.o
 .debug_ranges  0x000003d8       0x78 Drivers\STM32F3xx_HAL_Driver\Src\stm32f3xx_hal_rcc.o
 .debug_ranges  0x00000450       0x28 Drivers\STM32F3xx_HAL_Driver\Src\stm32f3xx_hal_rcc_ex.o
 .debug_ranges  0x00000478      0x3d0 Drivers\STM32F3xx_HAL_Driver\Src\stm32f3xx_hal_tim.o
 .debug_ranges  0x00000848      0x168 Drivers\STM32F3xx_HAL_Driver\Src\stm32f3xx_hal_tim_ex.o
 .debug_ranges  0x000009b0      0x248 Drivers\STM32F3xx_HAL_Driver\Src\stm32f3xx_hal_uart.o
 .debug_ranges  0x00000bf8       0x58 Drivers\STM32F3xx_HAL_Driver\Src\stm32f3xx_hal_uart_ex.o
 .debug_ranges  0x00000c50       0xd0 Src\main.o
 .debug_ranges  0x00000d20       0x58 Src\stm32f3xx_hal_msp.o
 .debug_ranges  0x00000d78       0x70 Src\stm32f3xx_it.o
 .debug_ranges  0x00000de8       0x18 Src\system_stm32f3xx.o
 .debug_ranges  0x00000e00       0x20 startup\startup_stm32f334x8.o

.debug_line     0x00000000     0x819b
 .debug_line    0x00000000      0x3e6 Drivers\STM32F3xx_HAL_Driver\Src\stm32f3xx_hal.o
 .debug_line    0x000003e6     0x1015 Drivers\STM32F3xx_HAL_Driver\Src\stm32f3xx_hal_adc_ex.o
 .debug_line    0x000013fb      0x4b6 Drivers\STM32F3xx_HAL_Driver\Src\stm32f3xx_hal_cortex.o
 .debug_line    0x000018b1      0x445 Drivers\STM32F3xx_HAL_Driver\Src\stm32f3xx_hal_dma.o
 .debug_line    0x00001cf6      0x39d Drivers\STM32F3xx_HAL_Driver\Src\stm32f3xx_hal_gpio.o
 .debug_line    0x00002093      0x9ab Drivers\STM32F3xx_HAL_Driver\Src\stm32f3xx_hal_rcc.o
 .debug_line    0x00002a3e      0x406 Drivers\STM32F3xx_HAL_Driver\Src\stm32f3xx_hal_rcc_ex.o
 .debug_line    0x00002e44     0x21a0 Drivers\STM32F3xx_HAL_Driver\Src\stm32f3xx_hal_tim.o
 .debug_line    0x00004fe4      0xfe8 Drivers\STM32F3xx_HAL_Driver\Src\stm32f3xx_hal_tim_ex.o
 .debug_line    0x00005fcc      0xd69 Drivers\STM32F3xx_HAL_Driver\Src\stm32f3xx_hal_uart.o
 .debug_line    0x00006d35      0x491 Drivers\STM32F3xx_HAL_Driver\Src\stm32f3xx_hal_uart_ex.o
 .debug_line    0x000071c6      0x6bb Src\main.o
 .debug_line    0x00007881      0x389 Src\stm32f3xx_hal_msp.o
 .debug_line    0x00007c0a      0x304 Src\stm32f3xx_it.o
 .debug_line    0x00007f0e      0x20c Src\system_stm32f3xx.o
 .debug_line    0x0000811a       0x81 startup\startup_stm32f334x8.o

.debug_str      0x00000000     0x4774
 .debug_str     0x00000000      0x871 Drivers\STM32F3xx_HAL_Driver\Src\stm32f3xx_hal.o
                                0x8da (size before relaxing)
 .debug_str     0x00000871      0xb74 Drivers\STM32F3xx_HAL_Driver\Src\stm32f3xx_hal_adc_ex.o
                                0xeef (size before relaxing)
 .debug_str     0x000013e5      0x3d8 Drivers\STM32F3xx_HAL_Driver\Src\stm32f3xx_hal_cortex.o
                                0xa19 (size before relaxing)
 .debug_str     0x000017bd      0x248 Drivers\STM32F3xx_HAL_Driver\Src\stm32f3xx_hal_dma.o
                                0x6ec (size before relaxing)
 .debug_str     0x00001a05      0x210 Drivers\STM32F3xx_HAL_Driver\Src\stm32f3xx_hal_gpio.o
                                0x57d (size before relaxing)
 .debug_str     0x00001c15      0x323 Drivers\STM32F3xx_HAL_Driver\Src\stm32f3xx_hal_rcc.o
                                0x6e8 (size before relaxing)
 .debug_str     0x00001f38      0x194 Drivers\STM32F3xx_HAL_Driver\Src\stm32f3xx_hal_rcc_ex.o
                                0x509 (size before relaxing)
 .debug_str     0x000020cc     0x11ba Drivers\STM32F3xx_HAL_Driver\Src\stm32f3xx_hal_tim.o
                               0x172e (size before relaxing)
 .debug_str     0x00003286      0x665 Drivers\STM32F3xx_HAL_Driver\Src\stm32f3xx_hal_tim_ex.o
                                0xf5b (size before relaxing)
 .debug_str     0x000038eb      0x981 Drivers\STM32F3xx_HAL_Driver\Src\stm32f3xx_hal_uart.o
                                0xed4 (size before relaxing)
 .debug_str     0x0000426c      0x1b8 Drivers\STM32F3xx_HAL_Driver\Src\stm32f3xx_hal_uart_ex.o
                                0x8b6 (size before relaxing)
 .debug_str     0x00004424      0x19a Src\main.o
                               0x1520 (size before relaxing)
 .debug_str     0x000045be       0x64 Src\stm32f3xx_hal_msp.o
                               0x1128 (size before relaxing)
 .debug_str     0x00004622      0x102 Src\stm32f3xx_it.o
                                0x884 (size before relaxing)
 .debug_str     0x00004724       0x50 Src\system_stm32f3xx.o
                                0x36d (size before relaxing)

.comment        0x00000000       0x7c
 .comment       0x00000000       0x7c Drivers\STM32F3xx_HAL_Driver\Src\stm32f3xx_hal.o
                                 0x7d (size before relaxing)
 .comment       0x0000007c       0x7d Drivers\STM32F3xx_HAL_Driver\Src\stm32f3xx_hal_adc_ex.o
 .comment       0x0000007c       0x7d Drivers\STM32F3xx_HAL_Driver\Src\stm32f3xx_hal_cortex.o
 .comment       0x0000007c       0x7d Drivers\STM32F3xx_HAL_Driver\Src\stm32f3xx_hal_dma.o
 .comment       0x0000007c       0x7d Drivers\STM32F3xx_HAL_Driver\Src\stm32f3xx_hal_gpio.o
 .comment       0x0000007c       0x7d Drivers\STM32F3xx_HAL_Driver\Src\stm32f3xx_hal_rcc.o
 .comment       0x0000007c       0x7d Drivers\STM32F3xx_HAL_Driver\Src\stm32f3xx_hal_rcc_ex.o
 .comment       0x0000007c       0x7d Drivers\STM32F3xx_HAL_Driver\Src\stm32f3xx_hal_tim.o
 .comment       0x0000007c       0x7d Drivers\STM32F3xx_HAL_Driver\Src\stm32f3xx_hal_tim_ex.o
 .comment       0x0000007c       0x7d Drivers\STM32F3xx_HAL_Driver\Src\stm32f3xx_hal_uart.o
 .comment       0x0000007c       0x7d Drivers\STM32F3xx_HAL_Driver\Src\stm32f3xx_hal_uart_ex.o
 .comment       0x0000007c       0x7d Src\main.o
 .comment       0x0000007c       0x7d Src\stm32f3xx_hal_msp.o
 .comment       0x0000007c       0x7d Src\stm32f3xx_it.o
 .comment       0x0000007c       0x7d Src\system_stm32f3xx.o

.debug_frame    0x00000000     0x4008
 .debug_frame   0x00000000      0x334 Drivers\STM32F3xx_HAL_Driver\Src\stm32f3xx_hal.o
 .debug_frame   0x00000334      0x640 Drivers\STM32F3xx_HAL_Driver\Src\stm32f3xx_hal_adc_ex.o
 .debug_frame   0x00000974      0x428 Drivers\STM32F3xx_HAL_Driver\Src\stm32f3xx_hal_cortex.o
 .debug_frame   0x00000d9c      0x224 Drivers\STM32F3xx_HAL_Driver\Src\stm32f3xx_hal_dma.o
 .debug_frame   0x00000fc0      0x14c Drivers\STM32F3xx_HAL_Driver\Src\stm32f3xx_hal_gpio.o
 .debug_frame   0x0000110c      0x214 Drivers\STM32F3xx_HAL_Driver\Src\stm32f3xx_hal_rcc.o
 .debug_frame   0x00001320       0xb4 Drivers\STM32F3xx_HAL_Driver\Src\stm32f3xx_hal_rcc_ex.o
 .debug_frame   0x000013d4     0x121c Drivers\STM32F3xx_HAL_Driver\Src\stm32f3xx_hal_tim.o
 .debug_frame   0x000025f0      0x688 Drivers\STM32F3xx_HAL_Driver\Src\stm32f3xx_hal_tim_ex.o
 .debug_frame   0x00002c78      0x9e0 Drivers\STM32F3xx_HAL_Driver\Src\stm32f3xx_hal_uart.o
 .debug_frame   0x00003658      0x190 Drivers\STM32F3xx_HAL_Driver\Src\stm32f3xx_hal_uart_ex.o
 .debug_frame   0x000037e8      0x35c Src\main.o
 .debug_frame   0x00003b44      0x180 Src\stm32f3xx_hal_msp.o
 .debug_frame   0x00003cc4      0x180 Src\stm32f3xx_it.o
 .debug_frame   0x00003e44       0x58 Src\system_stm32f3xx.o
 .debug_frame   0x00003e9c       0x2c c:/program files (x86)/atollic/truestudio for stm32 9.3.0/armtools/bin/../lib/gcc/arm-atollic-eabi/6.3.1/../../../../arm-atollic-eabi/lib/armv7e-m/fpu\libc_nano.a(lib_a-init.o)
 .debug_frame   0x00003ec8       0x20 c:/program files (x86)/atollic/truestudio for stm32 9.3.0/armtools/bin/../lib/gcc/arm-atollic-eabi/6.3.1/../../../../arm-atollic-eabi/lib/armv7e-m/fpu\libc_nano.a(lib_a-memset.o)
 .debug_frame   0x00003ee8       0xac c:/program files (x86)/atollic/truestudio for stm32 9.3.0/armtools/bin/../lib/gcc/arm-atollic-eabi/6.3.1/armv7e-m/fpu\libgcc.a(_arm_addsubdf3.o)
 .debug_frame   0x00003f94       0x50 c:/program files (x86)/atollic/truestudio for stm32 9.3.0/armtools/bin/../lib/gcc/arm-atollic-eabi/6.3.1/armv7e-m/fpu\libgcc.a(_arm_muldivdf3.o)
 .debug_frame   0x00003fe4       0x24 c:/program files (x86)/atollic/truestudio for stm32 9.3.0/armtools/bin/../lib/gcc/arm-atollic-eabi/6.3.1/armv7e-m/fpu\libgcc.a(_arm_fixdfsi.o)
