core_cm4.h:1688:22:__NVIC_EnableIRQ	16	static
main.c:116:6:Takt	8	static
main.c:126:6:Write_DC	16	static
main.c:139:6:Cursor	16	static
main.c:157:6:InitializeLCD	8	static
main.c:173:6:Dsp1	8	static
main.c:201:6:Dsp2	8	static
main.c:222:6:ChVal	24	static
main.c:306:6:ValLCD	16	static
main.c:343:6:AcdReadLcd	40	static
main.c:372:6:TimeLCD	32	static
main.c:398:8:Disptnok	8	static
main.c:409:6:DispNagr	8	static
main.c:422:6:TIM6_Callback	4	static
main.c:432:6:Ten	4	static
main.c:453:5:main	16	static
main.c:703:6:SystemClock_Config	96	static
main.c:748:13:MX_ADC1_Init	48	static
main.c:811:13:MX_TIM3_Init	48	static
main.c:860:13:MX_TIM6_Init	24	static
main.c:898:13:MX_TIM7_Init	24	static
main.c:936:13:MX_USART3_UART_Init	8	static
main.c:969:13:MX_DMA_Init	16	static
main.c:990:13:MX_GPIO_Init	40	static
main.c:1040:6:Error_Handler	4	static
